This file contains any messages produced by compilers while
running configure, to aid debugging if configure makes a mistake.

It was created by pongkong configure 1.0, which was
generated by GNU Autoconf 2.71.  Invocation command line was

  $ ../configure --no-create --no-recursion

## --------- ##
## Platform. ##
## --------- ##

hostname = alireza-Inspiron-7548
uname -m = x86_64
uname -r = 6.8.0-52-generic
uname -s = Linux
uname -v = #53~22.04.1-Ubuntu SMP PREEMPT_DYNAMIC Wed Jan 15 19:18:46 UTC 2

/usr/bin/uname -p = x86_64
/bin/uname -X     = unknown

/bin/arch              = x86_64
/usr/bin/arch -k       = unknown
/usr/convex/getsysinfo = unknown
/usr/bin/hostinfo      = unknown
/bin/machine           = unknown
/usr/bin/oslevel       = unknown
/bin/universe          = unknown

PATH: /home/alireza/.nvm/versions/node/v20.11.1/bin/
PATH: /home/alireza/bin/
PATH: /usr/local/bin/
PATH: /home/alireza/.vim/bundle/vim-live-latex-preview/bin/
PATH: /home/alireza/.local/bin/
PATH: /home/alireza/.local/bin/
PATH: /usr/local/sbin/
PATH: /usr/local/bin/
PATH: /usr/sbin/
PATH: /usr/bin/
PATH: /sbin/
PATH: /bin/
PATH: /usr/games/
PATH: /usr/local/games/
PATH: /snap/bin/
PATH: /snap/bin/
PATH: /home/alireza/.local/bin/
PATH: /usr/bin/
PATH: /home/alireza/Documents/Scripts/
PATH: /home/alireza/.deno/bin/
PATH: /usr/bin/


## ----------- ##
## Core tests. ##
## ----------- ##

configure:2115: looking for aux files: compile missing install-sh
configure:2128:  trying ../
configure:2157:   ../compile found
configure:2157:   ../missing found
configure:2139:   ../install-sh found
configure:2286: checking for a BSD-compatible install
configure:2359: result: /usr/bin/install -c
configure:2370: checking whether build environment is sane
configure:2425: result: yes
configure:2584: checking for a race-free mkdir -p
configure:2628: result: /usr/bin/mkdir -p
configure:2635: checking for gawk
configure:2656: found /usr/bin/gawk
configure:2667: result: gawk
configure:2678: checking whether make sets $(MAKE)
configure:2701: result: yes
configure:2731: checking whether make supports nested variables
configure:2749: result: yes
configure:2953: checking for gcc
configure:2974: found /usr/bin/gcc
configure:2985: result: gcc
configure:3016: checking for C compiler version
configure:3025: gcc --version >&5
gcc (Ubuntu 11.4.0-1ubuntu1~22.04) 11.4.0
Copyright (C) 2021 Free Software Foundation, Inc.
This is free software; see the source for copying conditions.  There is NO
warranty; not even for MERCHANTABILITY or FITNESS FOR A PARTICULAR PURPOSE.

configure:3036: $? = 0
configure:3025: gcc -v >&5
Using built-in specs.
COLLECT_GCC=gcc
COLLECT_LTO_WRAPPER=/usr/lib/gcc/x86_64-linux-gnu/11/lto-wrapper
OFFLOAD_TARGET_NAMES=nvptx-none:amdgcn-amdhsa
OFFLOAD_TARGET_DEFAULT=1
Target: x86_64-linux-gnu
Configured with: ../src/configure -v --with-pkgversion='Ubuntu 11.4.0-1ubuntu1~22.04' --with-bugurl=file:///usr/share/doc/gcc-11/README.Bugs --enable-languages=c,ada,c++,go,brig,d,fortran,objc,obj-c++,m2 --prefix=/usr --with-gcc-major-version-only --program-suffix=-11 --program-prefix=x86_64-linux-gnu- --enable-shared --enable-linker-build-id --libexecdir=/usr/lib --without-included-gettext --enable-threads=posix --libdir=/usr/lib --enable-nls --enable-bootstrap --enable-clocale=gnu --enable-libstdcxx-debug --enable-libstdcxx-time=yes --with-default-libstdcxx-abi=new --enable-gnu-unique-object --disable-vtable-verify --enable-plugin --enable-default-pie --with-system-zlib --enable-libphobos-checking=release --with-target-system-zlib=auto --enable-objc-gc=auto --enable-multiarch --disable-werror --enable-cet --with-arch-32=i686 --with-abi=m64 --with-multilib-list=m32,m64,mx32 --enable-multilib --with-tune=generic --enable-offload-targets=nvptx-none=/build/gcc-11-XeT9lY/gcc-11-11.4.0/debian/tmp-nvptx/usr,amdgcn-amdhsa=/build/gcc-11-XeT9lY/gcc-11-11.4.0/debian/tmp-gcn/usr --without-cuda-driver --enable-checking=release --build=x86_64-linux-gnu --host=x86_64-linux-gnu --target=x86_64-linux-gnu --with-build-config=bootstrap-lto-lean --enable-link-serialization=2
Thread model: posix
Supported LTO compression algorithms: zlib zstd
gcc version 11.4.0 (Ubuntu 11.4.0-1ubuntu1~22.04) 
... rest of stderr output deleted ...
configure:3036: $? = 0
configure:3025: gcc -V >&5
gcc: error: unrecognized command-line option '-V'
gcc: fatal error: no input files
compilation terminated.
configure:3036: $? = 1
configure:3025: gcc -qversion >&5
gcc: error: unrecognized command-line option '-qversion'; did you mean '--version'?
gcc: fatal error: no input files
compilation terminated.
configure:3036: $? = 1
configure:3025: gcc -version >&5
gcc: error: unrecognized command-line option '-version'
gcc: fatal error: no input files
compilation terminated.
configure:3036: $? = 1
configure:3056: checking whether the C compiler works
configure:3078: gcc    conftest.c  >&5
configure:3082: $? = 0
configure:3132: result: yes
configure:3135: checking for C compiler default output file name
configure:3137: result: a.out
configure:3143: checking for suffix of executables
configure:3150: gcc -o conftest    conftest.c  >&5
configure:3154: $? = 0
configure:3177: result: 
configure:3199: checking whether we are cross compiling
configure:3207: gcc -o conftest    conftest.c  >&5
configure:3211: $? = 0
configure:3218: ./conftest
configure:3222: $? = 0
configure:3237: result: no
configure:3242: checking for suffix of object files
configure:3265: gcc -c   conftest.c >&5
configure:3269: $? = 0
configure:3291: result: o
configure:3295: checking whether the compiler supports GNU C
configure:3315: gcc -c   conftest.c >&5
configure:3315: $? = 0
configure:3325: result: yes
configure:3336: checking whether gcc accepts -g
configure:3357: gcc -c -g  conftest.c >&5
configure:3357: $? = 0
configure:3401: result: yes
configure:3421: checking for gcc option to enable C11 features
configure:3436: gcc  -c -g -O2  conftest.c >&5
configure:3436: $? = 0
configure:3454: result: none needed
configure:3570: checking whether gcc understands -c and -o together
configure:3593: gcc -c conftest.c -o conftest2.o
configure:3596: $? = 0
configure:3593: gcc -c conftest.c -o conftest2.o
configure:3596: $? = 0
configure:3608: result: yes
configure:3628: checking whether make supports the include directive
configure:3643: make -f confmf.GNU && cat confinc.out
make[1]: Entering directory '/home/alireza/Documents/cLangPractice/games/pongkong/build'
make[1]: Leaving directory '/home/alireza/Documents/cLangPractice/games/pongkong/build'
this is the am__doit target
configure:3646: $? = 0
configure:3665: result: yes (GNU style)
configure:3691: checking dependency style of gcc
configure:3803: result: gcc3
configure:3882: checking for pkg-config
configure:3905: found /usr/bin/pkg-config
configure:3917: result: /usr/bin/pkg-config
configure:3942: checking pkg-config is at least version 0.9.0
configure:3945: result: yes
configure:3955: checking for sdl2 >= 2.0
configure:3962: $PKG_CONFIG --exists --print-errors "sdl2 >= 2.0"
configure:3965: $? = 0
configure:3979: $PKG_CONFIG --exists --print-errors "sdl2 >= 2.0"
configure:3982: $? = 0
configure:4020: result: yes
configure:4135: checking that generated files are newer than configure
configure:4141: result: done
configure:4164: creating ./config.status

## ---------------- ##
## Cache variables. ##
## ---------------- ##

ac_cv_c_compiler_gnu=yes
ac_cv_env_CC_set=
ac_cv_env_CC_value=
ac_cv_env_CFLAGS_set=
ac_cv_env_CFLAGS_value=
ac_cv_env_CPPFLAGS_set=
ac_cv_env_CPPFLAGS_value=
ac_cv_env_LDFLAGS_set=
ac_cv_env_LDFLAGS_value=
ac_cv_env_LIBS_set=
ac_cv_env_LIBS_value=
ac_cv_env_PKG_CONFIG_LIBDIR_set=
ac_cv_env_PKG_CONFIG_LIBDIR_value=
ac_cv_env_PKG_CONFIG_PATH_set=
ac_cv_env_PKG_CONFIG_PATH_value=
ac_cv_env_PKG_CONFIG_set=
ac_cv_env_PKG_CONFIG_value=
ac_cv_env_SDL2_CFLAGS_set=
ac_cv_env_SDL2_CFLAGS_value=
ac_cv_env_SDL2_LIBS_set=
ac_cv_env_SDL2_LIBS_value=
ac_cv_env_build_alias_set=
ac_cv_env_build_alias_value=
ac_cv_env_host_alias_set=
ac_cv_env_host_alias_value=
ac_cv_env_target_alias_set=
ac_cv_env_target_alias_value=
ac_cv_objext=o
ac_cv_path_ac_pt_PKG_CONFIG=/usr/bin/pkg-config
ac_cv_path_install='/usr/bin/install -c'
ac_cv_path_mkdir=/usr/bin/mkdir
ac_cv_prog_AWK=gawk
ac_cv_prog_ac_ct_CC=gcc
ac_cv_prog_cc_c11=
ac_cv_prog_cc_g=yes
ac_cv_prog_cc_stdc=
ac_cv_prog_make_make_set=yes
am_cv_CC_dependencies_compiler_type=gcc3
am_cv_make_support_nested_variables=yes
am_cv_prog_cc_c_o=yes
pkg_cv_SDL2_CFLAGS='-D_REENTRANT -I/usr/local/include/SDL2'
pkg_cv_SDL2_LIBS='-L/usr/local/lib -Wl,-rpath,/usr/local/lib -Wl,--enable-new-dtags -lSDL2'

## ----------------- ##
## Output variables. ##
## ----------------- ##

ACLOCAL='${SHELL} '\''/home/alireza/Documents/cLangPractice/games/pongkong/missing'\'' aclocal-1.16'
AMDEPBACKSLASH='\'
AMDEP_FALSE='#'
AMDEP_TRUE=''
AMTAR='$${TAR-tar}'
AM_BACKSLASH='\'
AM_DEFAULT_V='$(AM_DEFAULT_VERBOSITY)'
AM_DEFAULT_VERBOSITY='1'
AM_V='$(V)'
AUTOCONF='${SHELL} '\''/home/alireza/Documents/cLangPractice/games/pongkong/missing'\'' autoconf'
AUTOHEADER='${SHELL} '\''/home/alireza/Documents/cLangPractice/games/pongkong/missing'\'' autoheader'
AUTOMAKE='${SHELL} '\''/home/alireza/Documents/cLangPractice/games/pongkong/missing'\'' automake-1.16'
AWK='gawk'
CC='gcc'
CCDEPMODE='depmode=gcc3'
CFLAGS='-g -O2'
CPPFLAGS=''
CSCOPE='cscope'
CTAGS='ctags'
CYGPATH_W='echo'
DEFS='-DHAVE_CONFIG_H'
DEPDIR='.deps'
ECHO_C=''
ECHO_N='-n'
ECHO_T=''
ETAGS='etags'
EXEEXT=''
INSTALL_DATA='${INSTALL} -m 644'
INSTALL_PROGRAM='${INSTALL}'
INSTALL_SCRIPT='${INSTALL}'
INSTALL_STRIP_PROGRAM='$(install_sh) -c -s'
LDFLAGS=''
LIBOBJS=''
LIBS=''
LTLIBOBJS=''
MAKEINFO='${SHELL} '\''/home/alireza/Documents/cLangPractice/games/pongkong/missing'\'' makeinfo'
MKDIR_P='/usr/bin/mkdir -p'
OBJEXT='o'
PACKAGE='pongkong'
PACKAGE_BUGREPORT='alireza.heidari@posteo.net'
PACKAGE_NAME='pongkong'
PACKAGE_STRING='pongkong 1.0'
PACKAGE_TARNAME='pongkong'
PACKAGE_URL=''
PACKAGE_VERSION='1.0'
PATH_SEPARATOR=':'
PKG_CONFIG='/usr/bin/pkg-config'
PKG_CONFIG_LIBDIR=''
PKG_CONFIG_PATH=''
SDL2_CFLAGS='-D_REENTRANT -I/usr/local/include/SDL2'
SDL2_LIBS='-L/usr/local/lib -Wl,-rpath,/usr/local/lib -Wl,--enable-new-dtags -lSDL2'
SET_MAKE=''
SHELL='/bin/bash'
STRIP=''
VERSION='1.0'
ac_ct_CC='gcc'
am__EXEEXT_FALSE=''
am__EXEEXT_TRUE='#'
am__fastdepCC_FALSE='#'
am__fastdepCC_TRUE=''
am__include='include'
am__isrc=' -I$(srcdir)'
am__leading_dot='.'
am__nodep='_no'
am__quote=''
am__tar='$${TAR-tar} chof - "$$tardir"'
am__untar='$${TAR-tar} xf -'
bindir='${exec_prefix}/bin'
build_alias=''
datadir='${datarootdir}'
datarootdir='${prefix}/share'
docdir='${datarootdir}/doc/${PACKAGE_TARNAME}'
dvidir='${docdir}'
exec_prefix='${prefix}'
host_alias=''
htmldir='${docdir}'
includedir='${prefix}/include'
infodir='${datarootdir}/info'
install_sh='${SHELL} /home/alireza/Documents/cLangPractice/games/pongkong/install-sh'
libdir='${exec_prefix}/lib'
libexecdir='${exec_prefix}/libexec'
localedir='${datarootdir}/locale'
localstatedir='${prefix}/var'
mandir='${datarootdir}/man'
mkdir_p='$(MKDIR_P)'
oldincludedir='/usr/include'
pdfdir='${docdir}'
prefix='/usr/local'
program_transform_name='s,x,x,'
psdir='${docdir}'
runstatedir='${localstatedir}/run'
sbindir='${exec_prefix}/sbin'
sharedstatedir='${prefix}/com'
sysconfdir='${prefix}/etc'
target_alias=''

## ----------- ##
## confdefs.h. ##
## ----------- ##

/* confdefs.h */
#define PACKAGE_NAME "pongkong"
#define PACKAGE_TARNAME "pongkong"
#define PACKAGE_VERSION "1.0"
#define PACKAGE_STRING "pongkong 1.0"
#define PACKAGE_BUGREPORT "alireza.heidari@posteo.net"
#define PACKAGE_URL ""
#define PACKAGE "pongkong"
#define VERSION "1.0"

configure: exit 0

## ---------------------- ##
## Running config.status. ##
## ---------------------- ##

This file was extended by pongkong config.status 1.0, which was
generated by GNU Autoconf 2.71.  Invocation command line was

  CONFIG_FILES    = 
  CONFIG_HEADERS  = 
  CONFIG_LINKS    = 
  CONFIG_COMMANDS = 
  $ ./config.status 

on alireza-Inspiron-7548

config.status:842: creating Makefile
config.status:842: creating src/Makefile
config.status:842: creating config.h
config.status:1008: config.h is unchanged
config.status:1056: executing depfiles commands
config.status:1133: cd src       && sed -e '/# am--include-marker/d' Makefile         | make -f - am--depfiles
make[1]: Entering directory '/home/alireza/Documents/cLangPractice/games/pongkong/build/src'
make[1]: Nothing to be done for 'am--depfiles'.
make[1]: Leaving directory '/home/alireza/Documents/cLangPractice/games/pongkong/build/src'
config.status:1138: $? = 0

## ---------------------- ##
## Running config.status. ##
## ---------------------- ##

This file was extended by pongkong config.status 1.0, which was
generated by GNU Autoconf 2.71.  Invocation command line was

  CONFIG_FILES    = 
  CONFIG_HEADERS  = 
  CONFIG_LINKS    = 
  CONFIG_COMMANDS = 
  $ ./config.status config.h

on alireza-Inspiron-7548

config.status:842: creating config.h
config.status:1008: config.h is unchanged
